[dotenv@17.2.3] injecting env (2) from .env.mcp -- tip: ≡ƒöÉ prevent building .env in docker: https://dotenvx.com/prebuild
≡ƒº¬ Testing if MCP updates actually work...

Step 1: Finding a parent with boxes...

≡ƒôñ Calling ZohoCRM_Get_Records...

≡ƒôñ Calling ZohoCRM_Get_Record...

Γ£à Found: SB-BNA
   Current boxes: 2
   Box details:
   1. Box 1: 86x38x13 cm, 16.87g
   2. Box 1: 86x38x13 cm, 16.87g

Step 2: Attempting update...

≡ƒôñ Calling ZohoCRM_Update_Record...

≡ƒôï Update Response:
{
  "data": [
    {
      "code": "SUCCESS",
      "details": {
        "Modified_Time": "2026-02-15T21:19:36+05:30",
        "Modified_By": {
          "name": "Ankita Singh",
          "id": "4301492000000425001"
        },
        "Created_Time": "2026-02-05T17:06:01+05:30",
        "id": "4301492000081836052",
        "Created_By": {
          "name": "Ankita Singh",
          "id": "4301492000000425001"
        }
      },
      "message": "record updated",
      "status": "success"
    }
  ]
}

Step 3: Re-fetching to verify update...

≡ƒôñ Calling ZohoCRM_Get_Record...

≡ƒöì Verification:
   Original boxes: 2
   After update: 2

Γ¥î FAILED! Update did not persist - boxes still 2

ΓÜá∩╕Å This means the MCP Update_Record is not actually writing to CRM!

Γ£à Test complete!
